exports[`<SnapAccountRedirect /> renders the url and message when provided and isBlockedUrl is false 1`] = `
<div>
  <div class="mm-box create-snap-account-page mm-box--flex-direction-column mm-box--align-items-center mm-box--width-full mm-box--height-full mm-box--border-style-none">
    <div class="mm-box snaps-authorship-header mm-box--padding-4 mm-box--display-flex mm-box--align-items-center mm-box--width-full" style="box-shadow: var(--shadow-size-md) var(--color-shadow-default); min-height: 64px; z-index: 1;">
      <div class="mm-box snap-authorship-header__wrapper">
        <div class="snap-authorship-header__account-name">
          <span>m</span>
          <p>@aleksapp/snap-simple-keyring</p>
        </div>
        <button type="button" aria-label="" title="" class="snap-authorship-header__action-button"></button>
      </div>
    </div>

    <div
      class="
        snap-redirect-wrapper
        snap-redirect-wrapper__content-area
      "
    >
      <!-- Redirect Instructions -->
      <h2 data-testid="snap-account-redirect-content-title">Finish signing</h2>

      <!-- Message -->
      <p data-testid="snap-account-redirect-content-description">Follow the instructions from Snap Simple Keyring.</p>

      
      


      
      


      
      

      
      
        
          

          
            <!-- Delineator -->
            <!-- Delineator Header -->

            
             
            
            
            
             
            
              
               
            
              
            
              

             
        
          
           

           
             
        
          

    
      
        
        

        
        
            

            
              
               
        
        
            

            
            
                
                 
                
                  
                
                  
                   
                
                
                  
                
                

                
                
                 
  
  

          
            

            
              
        
          
    
    

      
       
        




      
      
    
      

    
    

      



      

    
  
  






    
    
      








      
        
         
    
    


    



  


  
    
    
      









  


  
  
  

   

  


  
  
    












  

   
    





  
    
    

      
      
        


























    
    
    
    
    
    
    
    
    
    
    
        
    
    


  


  
    
  


















     
     
   
 

     
   
 
       

       
             
            





             
             
                












    
    
     

 


   
    
  
  






















   
    
    


 
  
 
    
    



 
  
 
 



 

 
 


 

 
 
 
 
 




<style jsx global>{`
.snap-account-redirect {
}

.snap-container {
}
.snap-container .create-snap-account-page {
}

.snaps-authorship-header {
}
.snaps-authorship-header .snaps-authorship-header__wrapper,
.snaps-authorship-header .snaps-authorshipt-name,
.snaps-auhorshipp-action-button {
}

.snap-authorsihpp-element {}
`}</style>`;
